// Jest Snapshot v1, https://goo.gl/fbAQLP

exports[`Converts yaml component command to puppeteer testing code 1`] = `
"describe(\`loads a component with visit url command\`, function() {
	let context
	let random
	let page

	beforeEach(async () => {
		context = await browser.createIncognitoBrowserContext()
		page = await context.newPage()
		random = +new Date
		page.setExtraHTTPHeaders({})

		return true
	})

	afterEach(async () => {
		await page.close()
		return true
	})

	jest.retryTimes(3)
	jest.setTimeout(50000)
	it(\`loads a component with visit url command\`, async () => {
		let url = 'https://avocode.com//'
		await page.goto(\`\${url}\`)
		await page.goto(\`https://avcd.cz\`)
		return true
	})
})"
`;
