// Jest Snapshot v1, https://goo.gl/fbAQLP

exports[`Converts yaml exists command to puppeteer testing code 1`] = `
"describe(\`Checks if css selector exists on page\`, function() {
	let context
	let random
	let page

	beforeEach(async () => {
		context = await browser.createIncognitoBrowserContext()
		page = await context.newPage()
		random = +new Date
		page.setExtraHTTPHeaders({})

		return true
	})

	afterEach(async () => {
		await page.close()
		return true
	})

	jest.retryTimes(3)
	jest.setTimeout(50000)
	it(\`Checks if css selector exists on page\`, async () => {
		await page.waitForSelector(\`[id=\\"logo\\"]\`)
		expect(await page.$(\`[id=\\"logo\\"]\`)).toBeTruthy
		return true
	})
})"
`;
