// Jest Snapshot v1, https://goo.gl/fbAQLP

exports[`Converts yaml fill command to puppeteer testing code 1`] = `
"describe(\`Fills a css selector element with text\`, function() {
	let context
	let random
	let page

	beforeEach(async () => {
		context = await browser.createIncognitoBrowserContext()
		page = await context.newPage()
		random = +new Date
		page.setExtraHTTPHeaders({})

		return true
	})

	afterEach(async () => {
		await page.close()
		return true
	})

	jest.retryTimes(3)
	jest.setTimeout(50000)
	it(\`Fills a css selector element with text\`, async () => {
		await page.type(\`[id=\\"vyhpole\\"]\`, \`testovani\`)
		return true
	})
})"
`;
