// Jest Snapshot v1, https://goo.gl/fbAQLP

exports[`Converts yaml pause command to puppeteer testing code 1`] = `
"describe(\`Pauses a test for specific amount of time (in ms)\`, function() {
	let context
	let random
	let page

	beforeEach(async () => {
		context = await browser.createIncognitoBrowserContext()
		page = await context.newPage()
		random = +new Date
		page.setExtraHTTPHeaders({})

		return true
	})

	afterEach(async () => {
		await page.close()
		return true
	})

	jest.retryTimes(3)
	jest.setTimeout(50000)
	it(\`Pauses a test for specific amount of time (in ms)\`, async () => {
		await page.waitForTimeout(5000)
		return true
	})
})"
`;
