// Jest Snapshot v1, https://goo.gl/fbAQLP

exports[`Converts yaml textIs command to puppeteer testing code 1`] = `
"describe(\`Checks if css selector element contains specific text\`, function() {
	let context
	let random
	let page

	beforeEach(async () => {
		context = await browser.createIncognitoBrowserContext()
		page = await context.newPage()
		random = +new Date
		page.setExtraHTTPHeaders({})

		return true
	})

	afterEach(async () => {
		await page.close()
		return true
	})

	jest.retryTimes(3)
	jest.setTimeout(50000)
	it(\`Checks if css selector element contains specific text\`, async () => {
		let element0 = await page.$(\`[id=\\"vyhpole\\"]\`)
		expect(await page.evaluate(element0 => element0.textContent, element0)).toEqual('testovani')
		return true
	})
})"
`;
