// Jest Snapshot v1, https://goo.gl/fbAQLP

exports[`Converts yaml visit command to puppeteer testing code 1`] = `
"describe(\`Visits a website jakpsatweb\`, function() {
	let context
	let random
	let page

	beforeEach(async () => {
		context = await browser.createIncognitoBrowserContext()
		page = await context.newPage()
		random = +new Date
		page.setExtraHTTPHeaders({})

		return true
	})

	afterEach(async () => {
		await page.close()
		return true
	})

	jest.retryTimes(3)
	jest.setTimeout(50000)
	it(\`Visits a website jakpsatweb\`, async () => {
		await page.goto(\`https://www.jakpsatweb.cz/\`)
		return true
	})
})"
`;
